
> hr-system@0.0.1 build
> nest build

npm : [96msrc/app.mo
dule.ts[0m:[93m17[
0m:[93m29[0m - 
[91merror[0m[90m 
TS1149: [0mFile 
name 'C:/Users/ahmed/
source/repos/hr-main/
backend/src/common/em
ail/email.module.ts' 
differs from already 
included file name 'C
:/Users/ahmed/source/
repos/hr-main/backend
/src/Common/email/ema
il.module.ts' only 
in casing.
At line:1 char:1
+ npm run build > 
build_output.txt 2>&1
+ ~~~~~~~~~~~~~~~~~~~
~~~~~~~~~~~~~~~~~~
    + CategoryInfo   
           : NotSpe  
  cified: ([96msr   
 c/app.mo...only     
in casing.:Strin    
g) [], RemoteExc    
eption
    + FullyQualified 
   ErrorId : Native  
  CommandError
 
  The file is in the 
program because:
    Imported via '../
Common/email/email.mo
dule' from file 'C:/U
sers/ahmed/source/rep
os/hr-main/backend/sr
c/leaves/leaves.modul
e.ts'
    Imported via './c
ommon/email/email.mod
ule' from file 'C:/Us
ers/ahmed/source/repo
s/hr-main/backend/src
/app.module.ts'
    Matched by 
default include 
pattern '**/*'
  File is CommonJS 
module because 'C:/Us
ers/ahmed/source/repo
s/hr-main/backend/pac
kage.json' does not 
have field "type"

[7m17[0m import { 
EmailModule } from '.
/common/email/email.m
odule';
[7m  [0m [91m     
                     
  ~~~~~~~~~~~~~~~~~~~
~~~~~~~~~~[0m

  [96msrc/leaves/lea
ves.module.ts[0m:[9
3m40[0m:[93m29[0m
    [7m40[0m 
import { EmailModule 
} from '../Common/ema
il/email.module';
    [7m  [0m [96m 
                     
      ~~~~~~~~~~~~~~~
~~~~~~~~~~~~~~~[0m
    File is included 
via import here.
[96msrc/Common/email
/email.service.ts[0m
:[93m17[0m:[93m35
[0m - 
[91merror[0m[90m 
TS2551: [0mProperty 
'createTransporter' 
does not exist on 
type 'typeof import("
C:/Users/ahmed/source
/repos/hr-main/backen
d/node_modules/@types
/nodemailer/index")'.
 Did you mean 
'createTransport'?

[7m17[0m     
this.transporter = no
demailer.createTransp
orter({
[7m  [0m [91m     
                     
        
~~~~~~~~~~~~~~~~~[0m

  [96mnode_modules/@
types/nodemailer/inde
x.d.ts[0m:[93m45[0
m:[93m17[0m
    [7m45[0m 
export function 
createTransport(
    [7m  [0m [96m 
               
~~~~~~~~~~~~~~~[0m
    
'createTransport' is 
declared here.
[96msrc/leaves/contr
ollers/leave-attachme
nts.controller.ts[0m
:[93m53[0m:[93m9[
0m - 
[91merror[0m[90m 
TS2554: [0mExpected 
2 arguments, but got 
1.

[7m53[0m         
cb(
[7m  [0m [91m     
   ~~[0m

  [96mnode_modules/@
nestjs/platform-expre
ss/multer/interfaces/
multer-options.interf
ace.d.ts[0m:[93m51
[0m:[93m40[0m
    [7m51[0m     
}, callback: (error: 
Error | null, 
acceptFile: boolean) 
=> void): void;
    [7m  [0m [96m 
                     
                 ~~~~
~~~~~~~~~~~~~~~[0m
    An argument for 
'acceptFile' was not 
provided.
[96msrc/leaves/servi
ces/integration.servi
ce.ts[0m:[93m6[0m:
[93m56[0m - 
[91merror[0m[90m 
TS2307: [0mCannot 
find module '../../..
/time-management/mode
ls/enums/index' or 
its corresponding 
type declarations.

[7m6[0m import { 
TimeExceptionType, 
TimeExceptionStatus 
} from '../../../time
-management/models/en
ums/index';
[7m [0m [91m      
                     
                     
       ~~~~~~~~~~~~~~
~~~~~~~~~~~~~~~~~~~~~
~~~~~~~~~~[0m

Found 4 error(s).

